{Abha=-30.4/18.0/73.2, Abidjan=-27.6/26.0/75.2, Abéché=-32.1/29.4/86.9, Accra=-25.0/26.4/75.6, Addis Ababa=-33.9/16.0/68.4, Adelaide=-30.9/17.3/69.3, Aden=-25.4/29.1/83.9, Ahvaz=-22.8/25.4/75.5, Albuquerque=-39.5/14.0/64.3, Alexandra=-35.9/11.0/64.1, Alexandria=-26.6/20.0/68.1, Algiers=-36.2/18.2/69.1, Alice Springs=-33.8/21.0/68.5, Almaty=-39.9/10.0/59.0, Amsterdam=-37.8/10.2/60.3, Anadyr=-59.2/-6.9/40.7, Anchorage=-47.5/2.8/53.5, Andorra la Vella=-39.9/9.8/59.0, Ankara=-36.6/12.0/63.7, Antananarivo=-33.0/17.9/69.4, Antsiranana=-24.4/25.2/73.8, Arkhangelsk=-50.7/1.3/51.2, Ashgabat=-38.1/17.1/68.5, Asmara=-38.7/15.6/63.7, Assab=-21.7/30.5/83.1, Astana=-46.3/3.5/51.8, Athens=-32.7/19.2/71.3, Atlanta=-30.7/17.0/68.0, Auckland=-34.0/15.2/61.7, Austin=-27.2/20.7/69.3, Baghdad=-26.3/22.8/74.9, Baguio=-29.6/19.5/68.3, Baku=-38.2/15.1/69.7, Baltimore=-36.1/13.1/62.9, Bamako=-21.3/27.8/76.8, Bangkok=-24.4/28.6/75.8, Bangui=-23.0/26.0/77.1, Banjul=-25.4/26.0/75.0, Barcelona=-32.8/18.2/69.5, Bata=-27.1/25.1/76.2, Batumi=-36.9/14.0/61.9, Beijing=-35.9/12.9/60.6, Beirut=-32.3/20.9/69.4, Belgrade=-34.2/12.5/63.4, Belize City=-25.8/26.7/78.7, Benghazi=-32.3/19.9/69.0, Bergen=-41.0/7.7/58.1, Berlin=-39.6/10.3/65.1, Bilbao=-39.6/14.7/62.2, Birao=-27.1/26.5/75.1, Bishkek=-38.1/11.3/61.1, Bissau=-22.6/27.0/77.5, Blantyre=-24.7/22.2/72.5, Bloemfontein=-34.2/15.6/66.6, Boise=-40.5/11.4/60.6, Bordeaux=-33.1/14.2/62.1, Bosaso=-25.3/30.0/78.5, Boston=-40.0/10.9/58.1, Bouaké=-23.4/26.0/78.1, Bratislava=-36.7/10.5/58.4, Brazzaville=-26.1/25.0/74.6, Bridgetown=-23.3/27.0/75.6, Brisbane=-27.5/21.4/73.1, Brussels=-38.9/10.5/58.5, Bucharest=-37.4/10.8/57.9, Budapest=-38.4/11.3/59.4, Bujumbura=-27.9/23.8/74.5, Bulawayo=-29.3/18.9/74.2, Burnie=-41.2/13.1/61.2, Busan=-31.2/15.0/63.9, Cabo San Lucas=-29.4/23.9/71.4, Cairns=-25.1/25.0/79.3, Cairo=-27.1/21.4/70.7, Calgary=-46.2/4.4/57.1, Canberra=-39.7/13.1/61.1, Cape Town=-34.1/16.2/67.0, Changsha=-32.4/17.4/71.1, Charlotte=-31.6/16.1/64.2, Chiang Mai=-26.0/25.8/75.7, Chicago=-41.9/9.8/57.3, Chihuahua=-29.9/18.6/65.1, Chittagong=-25.1/25.9/74.0, Chișinău=-45.6/10.2/61.1, Chongqing=-30.7/18.6/74.6, Christchurch=-36.8/12.2/64.7, City of San Marino=-37.4/11.8/60.5, Colombo=-21.7/27.4/75.6, Columbus=-39.1/11.7/60.0, Conakry=-21.0/26.4/81.7, Copenhagen=-41.8/9.1/60.4, Cotonou=-22.8/27.2/77.7, Cracow=-41.8/9.3/58.7, Da Lat=-29.3/17.9/64.8, Da Nang=-26.5/25.8/73.9, Dakar=-22.9/24.0/70.6, Dallas=-33.2/19.0/69.2, Damascus=-32.7/17.0/64.0, Dampier=-25.0/26.4/81.9, Dar es Salaam=-30.5/25.8/75.7, Darwin=-23.8/27.6/79.0, Denpasar=-26.9/23.7/75.9, Denver=-36.4/10.4/59.1, Detroit=-40.6/10.0/62.0, Dhaka=-22.8/25.9/78.0, Dikson=-62.8/-11.1/41.9, Dili=-22.1/26.6/75.9, Djibouti=-23.3/29.9/79.6, Dodoma=-24.9/22.7/71.1, Dolisie=-27.7/24.0/71.6, Douala=-24.4/26.7/78.3, Dubai=-23.8/26.9/75.3, Dublin=-41.7/9.8/66.6, Dunedin=-38.2/11.1/61.7, Durban=-26.6/20.6/72.9, Dushanbe=-35.7/14.7/65.3, Edinburgh=-44.9/9.3/57.1, Edmonton=-46.5/4.2/56.0, El Paso=-29.4/18.1/68.5, Entebbe=-27.7/21.0/70.5, Erbil=-31.4/19.5/68.3, Erzurum=-50.4/5.1/53.8, Fairbanks=-53.6/-2.3/48.7, Fianarantsoa=-37.0/17.9/68.4, Flores,  Petén=-26.3/26.4/80.1, Frankfurt=-37.3/10.6/61.2, Fresno=-29.7/17.9/70.3, Fukuoka=-31.4/17.0/63.5, Gaborone=-32.6/21.0/66.9, Gabès=-32.2/19.5/68.3, Gagnoa=-28.1/26.0/80.4, Gangtok=-43.0/15.2/69.5, Garissa=-19.9/29.3/78.1, Garoua=-20.2/28.3/81.3, George Town=-20.2/27.9/78.9, Ghanzi=-28.5/21.4/72.3, Gjoa Haven=-63.6/-14.4/36.5, Guadalajara=-31.3/20.9/70.5, Guangzhou=-28.4/22.4/71.0, Guatemala City=-28.5/20.4/69.9, Halifax=-42.0/7.5/63.7, Hamburg=-37.8/9.7/59.3, Hamilton=-34.6/13.8/67.2, Hanga Roa=-26.6/20.5/69.0, Hanoi=-27.1/23.6/75.7, Harare=-34.0/18.4/65.8, Harbin=-47.1/5.0/55.2, Hargeisa=-29.5/21.7/71.5, Hat Yai=-24.2/27.0/72.7, Havana=-23.2/25.2/77.4, Helsinki=-49.5/5.9/54.5, Heraklion=-32.2/18.9/65.0, Hiroshima=-33.5/16.3/66.4, Ho Chi Minh City=-24.9/27.4/80.9, Hobart=-36.2/12.7/65.8, Hong Kong=-27.4/23.3/73.3, Honiara=-25.8/26.5/78.6, Honolulu=-25.8/25.4/75.0, Houston=-26.0/20.8/68.2, Ifrane=-40.3/11.4/59.0, Indianapolis=-41.4/11.8/59.5, Iqaluit=-60.9/-9.3/40.3, Irkutsk=-45.8/1.0/50.4, Istanbul=-36.1/13.9/63.8, Jacksonville=-30.0/20.3/69.3, Jakarta=-24.1/26.7/76.3, Jayapura=-20.5/27.0/75.9, Jerusalem=-32.7/18.3/69.6, Johannesburg=-35.8/15.5/67.6, Jos=-33.4/22.8/70.9, Juba=-20.6/27.8/79.1, Kabul=-36.0/12.1/65.9, Kampala=-28.5/20.0/69.0, Kandi=-20.3/27.7/78.4, Kankan=-25.9/26.5/76.4, Kano=-22.2/26.4/73.8, Kansas City=-38.0/12.5/62.8, Karachi=-24.1/26.0/73.1, Karonga=-28.2/24.4/82.1, Kathmandu=-39.2/18.3/67.7, Khartoum=-19.0/29.9/82.3, Kingston=-21.0/27.4/76.8, Kinshasa=-23.7/25.3/77.2, Kolkata=-24.5/26.7/74.0, Kuala Lumpur=-25.1/27.3/77.2, Kumasi=-21.1/26.0/75.8, Kunming=-37.8/15.7/65.2, Kuopio=-46.6/3.4/55.3, Kuwait City=-23.0/25.7/77.7, Kyiv=-42.3/8.4/61.3, Kyoto=-33.0/15.8/65.0, La Ceiba=-22.7/26.2/77.6, La Paz=-24.3/23.7/76.5, Lagos=-21.4/26.8/76.2, Lahore=-29.6/24.3/73.7, Lake Havasu City=-26.9/23.7/70.6, Lake Tekapo=-43.9/8.7/58.1, Las Palmas de Gran Canaria=-30.4/21.2/71.5, Las Vegas=-29.5/20.3/71.1, Launceston=-37.3/13.1/62.6, Lhasa=-41.1/7.6/64.0, Libreville=-24.2/25.9/74.4, Lisbon=-32.6/17.5/68.6, Livingstone=-34.7/21.8/72.0, Ljubljana=-38.4/10.9/62.6, Lodwar=-19.7/29.3/78.0, Lomé=-20.9/26.9/73.0, London=-44.1/11.3/59.3, Los Angeles=-31.8/18.6/69.6, Louisville=-35.6/13.9/61.8, Luanda=-23.2/25.8/75.9, Lubumbashi=-33.7/20.8/71.8, Lusaka=-31.6/19.9/72.2, Luxembourg City=-39.6/9.3/61.5, Lviv=-45.6/7.8/57.0, Lyon=-36.0/12.5/67.1, Madrid=-33.6/15.0/64.2, Mahajanga=-22.9/26.3/73.6, Makassar=-22.9/26.7/74.7, Makurdi=-27.6/26.0/74.9, Malabo=-24.0/26.3/76.5, Malé=-24.9/28.0/82.8, Managua=-21.8/27.3/86.0, Manama=-20.7/26.5/78.1, Mandalay=-24.6/28.0/82.8, Mango=-18.4/28.1/82.5, Manila=-29.4/28.4/88.8, Maputo=-26.9/22.8/71.5, Marrakesh=-31.1/19.6/71.0, Marseille=-34.3/15.8/66.9, Maun=-28.7/22.4/70.2, Medan=-20.7/26.5/84.9, Mek'ele=-23.8/22.7/75.8, Melbourne=-34.7/15.1/65.5, Memphis=-29.6/17.2/64.8, Mexicali=-25.9/23.1/76.0, Mexico City=-30.3/17.5/72.5, Miami=-24.6/24.9/75.6, Milan=-33.7/13.0/63.5, Milwaukee=-41.4/8.9/59.8, Minneapolis=-44.0/7.8/56.2, Minsk=-42.9/6.7/54.3, Mogadishu=-26.3/27.1/77.1, Mombasa=-24.3/26.3/77.7, Monaco=-34.1/16.4/68.6, Moncton=-47.2/6.1/54.8, Monterrey=-30.8/22.3/69.6, Montreal=-43.1/6.8/57.0, Moscow=-43.5/5.8/55.1, Mumbai=-24.3/27.1/76.2, Murmansk=-47.5/0.6/48.1, Muscat=-25.0/28.0/78.2, Mzuzu=-31.2/17.7/64.2, N'Djamena=-23.3/28.3/78.1, Naha=-25.5/23.1/72.6, Nairobi=-34.4/17.8/67.8, Nakhon Ratchasima=-22.1/27.3/74.6, Napier=-35.0/14.6/63.9, Napoli=-32.3/15.9/64.6, Nashville=-35.3/15.4/66.6, Nassau=-27.2/24.6/73.2, Ndola=-31.5/20.3/70.1, New Delhi=-23.4/25.0/76.7, New Orleans=-35.0/20.7/74.5, New York City=-35.9/12.9/63.4, Ngaoundéré=-28.3/22.0/69.2, Niamey=-20.7/29.3/75.1, Nicosia=-31.0/19.7/67.1, Niigata=-34.0/13.9/64.1, Nouadhibou=-25.4/21.3/70.1, Nouakchott=-25.1/25.7/77.3, Novosibirsk=-48.2/1.7/49.8, Nuuk=-50.7/-1.4/46.5, Odesa=-37.7/10.7/61.3, Odienné=-24.4/26.0/76.6, Oklahoma City=-39.1/15.9/65.8, Omaha=-36.7/10.6/60.3, Oranjestad=-22.0/28.1/78.7, Oslo=-43.2/5.7/60.4, Ottawa=-41.7/6.6/55.7, Ouagadougou=-27.2/28.3/81.7, Ouahigouya=-21.3/28.6/77.2, Ouarzazate=-30.3/18.9/68.4, Oulu=-46.2/2.7/54.3, Palembang=-25.6/27.3/79.0, Palermo=-31.9/18.5/69.7, Palm Springs=-23.4/24.5/73.4, Palmerston North=-37.9/13.2/64.1, Panama City=-20.1/28.0/79.0, Parakou=-24.2/26.8/77.2, Paris=-40.9/12.3/61.5, Perth=-32.6/18.7/68.0, Petropavlovsk-Kamchatsky=-50.0/1.9/50.3, Philadelphia=-37.3/13.2/66.8, Phnom Penh=-20.6/28.3/81.3, Phoenix=-26.6/23.9/75.5, Pittsburgh=-41.2/10.8/60.9, Podgorica=-33.8/15.3/61.3, Pointe-Noire=-24.5/26.1/72.8, Pontianak=-24.2/27.7/79.1, Port Moresby=-22.0/26.9/74.5, Port Sudan=-22.8/28.4/78.1, Port Vila=-24.8/24.3/71.7, Port-Gentil=-23.7/26.0/75.3, Portland (OR)=-36.9/12.4/61.2, Porto=-32.5/15.7/66.5, Prague=-41.8/8.4/56.7, Praia=-25.5/24.4/76.4, Pretoria=-28.0/18.2/66.7, Pyongyang=-40.5/10.8/58.5, Rabat=-30.4/17.2/66.7, Rangpur=-23.9/24.4/75.7, Reggane=-22.3/28.3/76.4, Reykjavík=-48.3/4.3/57.7, Riga=-40.5/6.2/58.5, Riyadh=-24.1/26.0/76.3, Rome=-33.6/15.2/65.3, Roseau=-23.3/26.2/76.5, Rostov-on-Don=-39.3/9.9/72.1, Sacramento=-31.5/16.3/69.8, Saint Petersburg=-43.8/5.8/54.1, Saint-Pierre=-44.2/5.7/55.5, Salt Lake City=-36.4/11.6/58.8, San Antonio=-27.2/20.8/68.7, San Diego=-35.9/17.8/65.3, San Francisco=-35.6/14.6/65.4, San Jose=-30.0/16.4/64.5, San José=-27.6/22.6/74.2, San Juan=-23.7/27.2/79.2, San Salvador=-26.6/23.1/74.9, Sana'a=-27.9/20.0/70.2, Santo Domingo=-23.4/25.9/78.8, Sapporo=-43.5/8.9/56.0, Sarajevo=-41.4/10.1/59.1, Saskatoon=-48.5/3.3/52.1, Seattle=-37.8/11.3/62.3, Seoul=-37.3/12.5/63.5, Seville=-35.2/19.2/70.0, Shanghai=-31.8/16.7/63.7, Singapore=-20.7/27.0/75.0, Skopje=-34.9/12.4/64.6, Sochi=-37.8/14.2/65.6, Sofia=-45.1/10.6/58.6, Sokoto=-19.2/28.0/78.7, Split=-37.6/16.1/64.5, St. John's=-45.1/5.0/55.5, St. Louis=-34.1/13.9/64.3, Stockholm=-42.4/6.6/56.8, Surabaya=-23.3/27.1/75.7, Suva=-24.3/25.6/73.5, Suwałki=-41.5/7.2/57.9, Sydney=-34.7/17.7/69.0, Ségou=-20.0/28.0/79.5, Tabora=-23.8/23.0/72.6, Tabriz=-45.7/12.6/63.0, Taipei=-29.0/23.0/80.9, Tallinn=-43.6/6.4/54.6, Tamale=-21.7/27.9/79.3, Tamanrasset=-30.0/21.7/70.4, Tampa=-25.7/22.9/74.3, Tashkent=-31.6/14.8/65.5, Tauranga=-36.5/14.8/65.7, Tbilisi=-35.5/12.9/61.0, Tegucigalpa=-26.4/21.7/77.4, Tehran=-33.5/17.0/66.0, Tel Aviv=-29.8/20.0/69.2, Thessaloniki=-32.7/16.0/68.0, Thiès=-30.0/24.0/74.7, Tijuana=-35.6/17.8/67.1, Timbuktu=-20.5/28.0/76.2, Tirana=-35.2/15.2/72.8, Toamasina=-24.2/23.4/73.6, Tokyo=-33.6/15.4/69.9, Toliara=-27.5/24.1/71.8, Toluca=-36.3/12.4/60.7, Toronto=-39.0/9.4/58.3, Tripoli=-26.4/20.0/70.1, Tromsø=-47.4/2.9/58.7, Tucson=-27.5/20.9/69.6, Tunis=-30.7/18.4/67.8, Ulaanbaatar=-50.8/-0.4/48.6, Upington=-28.1/20.4/71.2, Vaduz=-39.6/10.1/61.1, Valencia=-32.3/18.3/70.1, Valletta=-29.9/18.8/69.5, Vancouver=-40.9/10.4/63.7, Veracruz=-24.2/25.4/74.4, Vienna=-38.0/10.4/60.3, Vientiane=-24.9/25.9/78.0, Villahermosa=-24.8/27.1/80.5, Vilnius=-43.2/6.0/53.9, Virginia Beach=-35.9/15.8/66.3, Vladivostok=-46.9/4.9/52.4, Warsaw=-38.3/8.5/55.4, Washington, D.C.=-34.5/14.6/60.8, Wau=-20.0/27.8/82.4, Wellington=-36.4/12.9/61.8, Whitehorse=-51.1/-0.1/55.7, Wichita=-36.7/13.9/62.9, Willemstad=-21.7/28.0/78.5, Winnipeg=-44.2/3.0/56.5, Wrocław=-37.6/9.6/59.9, Xi'an=-39.0/14.1/66.8, Yakutsk=-55.8/-8.8/39.4, Yangon=-22.0/27.5/79.2, Yaoundé=-24.1/23.8/73.5, Yellowknife=-57.1/-4.3/47.4, Yerevan=-36.7/12.4/63.8, Yinchuan=-40.8/9.0/61.6, Zagreb=-36.9/10.7/57.2, Zanzibar City=-22.0/26.0/80.0, Zürich=-41.3/9.3/58.9, Ürümqi=-45.4/7.4/59.4, İzmir=-32.6/17.9/70.9}